Testing DB connection...
prisma:info Starting a postgresql pool with 9 connections.
prisma:query SELECT COUNT(*) AS "_count$_all" FROM (SELECT "public"."products"."id" FROM "public"."products" WHERE "public"."products"."isPublished" = $1 OFFSET $2) AS "sub"
Active products: 5
