.next/types/validator.ts(71,39): error TS2307: Cannot find module '../../src/app/[[...slug]]/page.js' or its corresponding type declarations.
.next/types/validator.ts(80,39): error TS2307: Cannot find module '../../src/app/api/admin/customers/route.js' or its corresponding type declarations.
.next/types/validator.ts(89,39): error TS2307: Cannot find module '../../src/app/api/admin/discount-codes/route.js' or its corresponding type declarations.
.next/types/validator.ts(98,39): error TS2307: Cannot find module '../../src/app/api/admin/orders/route.js' or its corresponding type declarations.
.next/types/validator.ts(107,39): error TS2307: Cannot find module '../../src/app/api/admin/products/[id]/route.js' or its corresponding type declarations.
.next/types/validator.ts(116,39): error TS2307: Cannot find module '../../src/app/api/admin/products/route.js' or its corresponding type declarations.
.next/types/validator.ts(125,39): error TS2307: Cannot find module '../../src/app/api/admin/stats/route.js' or its corresponding type declarations.
.next/types/validator.ts(134,39): error TS2307: Cannot find module '../../src/app/api/cart/[itemId]/route.js' or its corresponding type declarations.
.next/types/validator.ts(143,39): error TS2307: Cannot find module '../../src/app/api/cart/route.js' or its corresponding type declarations.
.next/types/validator.ts(152,39): error TS2307: Cannot find module '../../src/app/api/collections/route.js' or its corresponding type declarations.
.next/types/validator.ts(161,39): error TS2307: Cannot find module '../../src/app/api/contact/route.js' or its corresponding type declarations.
.next/types/validator.ts(170,39): error TS2307: Cannot find module '../../src/app/api/discount/validate/route.js' or its corresponding type declarations.
.next/types/validator.ts(179,39): error TS2307: Cannot find module '../../src/app/api/orders/route.js' or its corresponding type declarations.
.next/types/validator.ts(188,39): error TS2307: Cannot find module '../../src/app/api/payments/paystack/initialize/route.js' or its corresponding type declarations.
.next/types/validator.ts(197,39): error TS2307: Cannot find module '../../src/app/api/payments/paystack/webhook/route.js' or its corresponding type declarations.
.next/types/validator.ts(206,39): error TS2307: Cannot find module '../../src/app/api/payments/stripe/initialize/route.js' or its corresponding type declarations.
.next/types/validator.ts(215,39): error TS2307: Cannot find module '../../src/app/api/payments/stripe/webhook/route.js' or its corresponding type declarations.
.next/types/validator.ts(224,39): error TS2307: Cannot find module '../../src/app/api/products/[id]/route.js' or its corresponding type declarations.
.next/types/validator.ts(233,39): error TS2307: Cannot find module '../../src/app/api/products/route.js' or its corresponding type declarations.
.next/types/validator.ts(242,39): error TS2307: Cannot find module '../../src/app/api/upload/route.js' or its corresponding type declarations.
.next/types/validator.ts(433,39): error TS2307: Cannot find module '../../src/app/layout.js' or its corresponding type declarations.
app/api/payments/stripe/webhook/route.ts(52,25): error TS2322: Type '{ payment_method: string | Stripe.PaymentMethod | null; amount_received: number; }' is not assignable to type 'InputJsonValue | NullableJsonNullValueInput | undefined'.
  Types of property 'payment_method' are incompatible.
    Type 'string | PaymentMethod | null' is not assignable to type 'InputJsonValue | null | undefined'.
      Type 'PaymentMethod' is not assignable to type 'InputJsonValue | null | undefined'.
        Type 'PaymentMethod' is not assignable to type 'InputJsonObject'.
          Index signature for type 'string' is missing in type 'PaymentMethod'.
app/api/payments/stripe/webhook/route.ts(90,25): error TS2322: Type '{ error: Stripe.PaymentIntent.LastPaymentError | null; }' is not assignable to type 'InputJsonValue | NullableJsonNullValueInput | undefined'.
  Types of property 'error' are incompatible.
    Type 'LastPaymentError | null' is not assignable to type 'InputJsonValue | null | undefined'.
      Type 'LastPaymentError' is not assignable to type 'InputJsonValue | null | undefined'.
        Type 'LastPaymentError' is not assignable to type 'InputJsonObject'.
          Index signature for type 'string' is missing in type 'LastPaymentError'.
lib/stripe.ts(4,5): error TS2322: Type '"2024-12-18.acacia"' is not assignable to type '"2025-02-24.acacia"'.
lib/supabase/server.ts(15,24): error TS7006: Parameter 'cookiesToSet' implicitly has an 'any' type.
lib/supabase/server.ts(17,49): error TS7031: Binding element 'name' implicitly has an 'any' type.
lib/supabase/server.ts(17,55): error TS7031: Binding element 'value' implicitly has an 'any' type.
lib/supabase/server.ts(17,62): error TS7031: Binding element 'options' implicitly has an 'any' type.
lib/supabase/server.ts(40,24): error TS7006: Parameter 'cookiesToSet' implicitly has an 'any' type.
lib/supabase/server.ts(42,49): error TS7031: Binding element 'name' implicitly has an 'any' type.
lib/supabase/server.ts(42,55): error TS7031: Binding element 'value' implicitly has an 'any' type.
lib/supabase/server.ts(42,62): error TS7031: Binding element 'options' implicitly has an 'any' type.
middleware.ts(19,28): error TS7006: Parameter 'cookiesToSet' implicitly has an 'any' type.
middleware.ts(20,49): error TS7031: Binding element 'name' implicitly has an 'any' type.
middleware.ts(20,55): error TS7031: Binding element 'value' implicitly has an 'any' type.
middleware.ts(24,49): error TS7031: Binding element 'name' implicitly has an 'any' type.
middleware.ts(24,55): error TS7031: Binding element 'value' implicitly has an 'any' type.
middleware.ts(24,62): error TS7031: Binding element 'options' implicitly has an 'any' type.
src/main.tsx(4,17): error TS5097: An import path can only end with a '.tsx' extension when 'allowImportingTsExtensions' is enabled.
src/pages/admin/Dashboard.tsx(152,28): error TS2322: Type '(v: number) => string' is not assignable to type 'Formatter<number, NameType> & ((value: number, name: NameType, item: Payload<number, NameType>, index: number, payload: Payload<number, NameType>[]) => ReactNode | [...])'.
  Type '(v: number) => string' is not assignable to type 'Formatter<number, NameType>'.
    Types of parameters 'v' and 'value' are incompatible.
      Type 'number | undefined' is not assignable to type 'number'.
        Type 'undefined' is not assignable to type 'number'.
supabase/functions/low-stock-alert/index.ts(1,23): error TS2307: Cannot find module 'https://deno.land/std@0.168.0/http/server.ts' or its corresponding type declarations.
supabase/functions/low-stock-alert/index.ts(2,30): error TS2307: Cannot find module 'https://esm.sh/@supabase/supabase-js@2' or its corresponding type declarations.
supabase/functions/low-stock-alert/index.ts(8,14): error TS7006: Parameter 'req' implicitly has an 'any' type.
supabase/functions/low-stock-alert/index.ts(18,9): error TS2304: Cannot find name 'Deno'.
supabase/functions/low-stock-alert/index.ts(19,9): error TS2304: Cannot find name 'Deno'.
supabase/functions/low-stock-alert/index.ts(36,38): error TS2304: Cannot find name 'Deno'.
vite.config.ts(1,25): error TS2307: Cannot find module '@tailwindcss/vite' or its corresponding type declarations.
vite.config.ts(2,19): error TS2307: Cannot find module '@vitejs/plugin-react' or its corresponding type declarations.
vite.config.ts(4,39): error TS2307: Cannot find module 'vite' or its corresponding type declarations.
vite.config.ts(6,32): error TS7031: Binding element 'mode' implicitly has an 'any' type.
